{"synthetic": false,
 "schemaVersion": "2025-09-10",
 "outputs": null,
 "log":
 [{"message":
   ".> ELAN=elan ELAN_HOME=/home/pepsi/.elan ELAN_TOOLCHAIN=leanprover/lean4:v4.27.0 LAKE=/home/pepsi/.elan/toolchains/leanprover--lean4---v4.27.0/bin/lake LAKE_HOME=/home/pepsi/.elan/toolchains/leanprover--lean4---v4.27.0 LAKE_PKG_URL_MAP={} LAKE_NO_CACHE=false LAKE_ARTIFACT_CACHE=false LAKE_CACHE_KEY= LAKE_CACHE_ARTIFACT_ENDPOINT= LAKE_CACHE_REVISION_ENDPOINT= LEAN=/home/pepsi/.elan/toolchains/leanprover--lean4---v4.27.0/bin/lean LEAN_SYSROOT=/home/pepsi/.elan/toolchains/leanprover--lean4---v4.27.0 LEAN_AR=/home/pepsi/.elan/toolchains/leanprover--lean4---v4.27.0/bin/llvm-ar LEAN_CC= LAKE_CACHE_DIR=/home/pepsi/.elan/toolchains/leanprover--lean4---v4.27.0/lake/cache LEAN_PATH=/home/pepsi/Documents/tfg-topologia-lean4/Urysohn/.lake/packages/batteries/.lake/build/lib/lean:/home/pepsi/Documents/tfg-topologia-lean4/Urysohn/.lake/packages/Qq/.lake/build/lib/lean:/home/pepsi/Documents/tfg-topologia-lean4/Urysohn/.lake/packages/aesop/.lake/build/lib/lean:/home/pepsi/Documents/tfg-topologia-lean4/Urysohn/.lake/packages/proofwidgets/.lake/build/lib/lean:/home/pepsi/Documents/tfg-topologia-lean4/Urysohn/.lake/packages/importGraph/.lake/build/lib/lean:/home/pepsi/Documents/tfg-topologia-lean4/Urysohn/.lake/packages/LeanSearchClient/.lake/build/lib/lean:/home/pepsi/Documents/tfg-topologia-lean4/Urysohn/.lake/packages/plausible/.lake/build/lib/lean:/home/pepsi/Documents/tfg-topologia-lean4/Urysohn/.lake/packages/mathlib/.lake/build/lib/lean:/home/pepsi/Documents/tfg-topologia-lean4/Urysohn/.lake/packages/checkdecls/.lake/build/lib/lean:/home/pepsi/Documents/tfg-topologia-lean4/Urysohn/.lake/packages/MD4Lean/.lake/build/lib/lean:/home/pepsi/Documents/tfg-topologia-lean4/Urysohn/.lake/packages/BibtexQuery/.lake/build/lib/lean:/home/pepsi/Documents/tfg-topologia-lean4/Urysohn/.lake/packages/UnicodeBasic/.lake/build/lib/lean:/home/pepsi/Documents/tfg-topologia-lean4/Urysohn/.lake/packages/Cli/.lake/build/lib/lean:/home/pepsi/Documents/tfg-topologia-lean4/Urysohn/.lake/build/lib/lean:/home/pepsi/Documents/tfg-topologia-lean4/Urysohn/.lake/packages/doc-gen4/.lake/build/lib/lean:/home/pepsi/Documents/tfg-topologia-lean4/Urysohn/docbuild/.lake/build/lib/lean:/home/pepsi/.elan/toolchains/leanprover--lean4---v4.27.0/lib/lean LEAN_SRC_PATH=/home/pepsi/Documents/tfg-topologia-lean4/Urysohn/.lake/packages/batteries:/home/pepsi/Documents/tfg-topologia-lean4/Urysohn/.lake/packages/batteries:/home/pepsi/Documents/tfg-topologia-lean4/Urysohn/.lake/packages/Qq:/home/pepsi/Documents/tfg-topologia-lean4/Urysohn/.lake/packages/Qq:/home/pepsi/Documents/tfg-topologia-lean4/Urysohn/.lake/packages/aesop:/home/pepsi/Documents/tfg-topologia-lean4/Urysohn/.lake/packages/aesop:/home/pepsi/Documents/tfg-topologia-lean4/Urysohn/.lake/packages/proofwidgets:/home/pepsi/Documents/tfg-topologia-lean4/Urysohn/.lake/packages/proofwidgets:/home/pepsi/Documents/tfg-topologia-lean4/Urysohn/.lake/packages/proofwidgets:/home/pepsi/Documents/tfg-topologia-lean4/Urysohn/.lake/packages/importGraph:/home/pepsi/Documents/tfg-topologia-lean4/Urysohn/.lake/packages/importGraph:/home/pepsi/Documents/tfg-topologia-lean4/Urysohn/.lake/packages/LeanSearchClient:/home/pepsi/Documents/tfg-topologia-lean4/Urysohn/.lake/packages/LeanSearchClient:/home/pepsi/Documents/tfg-topologia-lean4/Urysohn/.lake/packages/plausible:/home/pepsi/Documents/tfg-topologia-lean4/Urysohn/.lake/packages/plausible:/home/pepsi/Documents/tfg-topologia-lean4/Urysohn/.lake/packages/mathlib:/home/pepsi/Documents/tfg-topologia-lean4/Urysohn/.lake/packages/mathlib:/home/pepsi/Documents/tfg-topologia-lean4/Urysohn/.lake/packages/mathlib:/home/pepsi/Documents/tfg-topologia-lean4/Urysohn/.lake/packages/mathlib:/home/pepsi/Documents/tfg-topologia-lean4/Urysohn/.lake/packages/mathlib:/home/pepsi/Documents/tfg-topologia-lean4/Urysohn/.lake/packages/mathlib:/home/pepsi/Documents/tfg-topologia-lean4/Urysohn/.lake/packages/mathlib:/home/pepsi/Documents/tfg-topologia-lean4/Urysohn/.lake/packages/MD4Lean:/home/pepsi/Documents/tfg-topologia-lean4/Urysohn/.lake/packages/MD4Lean:/home/pepsi/Documents/tfg-topologia-lean4/Urysohn/.lake/packages/BibtexQuery:/home/pepsi/Documents/tfg-topologia-lean4/Urysohn/.lake/packages/UnicodeBasic:/home/pepsi/Documents/tfg-topologia-lean4/Urysohn/.lake/packages/UnicodeBasic:/home/pepsi/Documents/tfg-topologia-lean4/Urysohn/.lake/packages/Cli:/home/pepsi/Documents/tfg-topologia-lean4/Urysohn/.lake/packages/Cli:/home/pepsi/Documents/tfg-topologia-lean4/Urysohn:/home/pepsi/Documents/tfg-topologia-lean4/Urysohn/.lake/packages/doc-gen4:/home/pepsi/.elan/toolchains/leanprover--lean4---v4.27.0/src/lean/lake LEAN_GITHASH=db93fe1608548721853390a10cd40580fe7d22ae PATH LD_LIBRARY_PATH=/home/pepsi/.elan/toolchains/leanprover--lean4---v4.27.0/lib/lean:/home/pepsi/.elan/toolchains/leanprover--lean4---v4.27.0/lib:/home/pepsi/Documents/tfg-topologia-lean4/Urysohn/docbuild/.lake/build/lib:/home/pepsi/Documents/tfg-topologia-lean4/Urysohn/.lake/packages/doc-gen4/.lake/build/lib:/home/pepsi/Documents/tfg-topologia-lean4/Urysohn/.lake/build/lib:/home/pepsi/Documents/tfg-topologia-lean4/Urysohn/.lake/packages/Cli/.lake/build/lib:/home/pepsi/Documents/tfg-topologia-lean4/Urysohn/.lake/packages/UnicodeBasic/.lake/build/lib:/home/pepsi/Documents/tfg-topologia-lean4/Urysohn/.lake/packages/BibtexQuery/.lake/build/lib:/home/pepsi/Documents/tfg-topologia-lean4/Urysohn/.lake/packages/MD4Lean/.lake/build/lib:/home/pepsi/Documents/tfg-topologia-lean4/Urysohn/.lake/packages/checkdecls/.lake/build/lib:/home/pepsi/Documents/tfg-topologia-lean4/Urysohn/.lake/packages/mathlib/.lake/build/lib:/home/pepsi/Documents/tfg-topologia-lean4/Urysohn/.lake/packages/plausible/.lake/build/lib:/home/pepsi/Documents/tfg-topologia-lean4/Urysohn/.lake/packages/LeanSearchClient/.lake/build/lib:/home/pepsi/Documents/tfg-topologia-lean4/Urysohn/.lake/packages/importGraph/.lake/build/lib:/home/pepsi/Documents/tfg-topologia-lean4/Urysohn/.lake/packages/proofwidgets/.lake/build/lib:/home/pepsi/Documents/tfg-topologia-lean4/Urysohn/.lake/packages/aesop/.lake/build/lib:/home/pepsi/Documents/tfg-topologia-lean4/Urysohn/.lake/packages/Qq/.lake/build/lib:/home/pepsi/Documents/tfg-topologia-lean4/Urysohn/.lake/packages/batteries/.lake/build/lib /home/pepsi/Documents/tfg-topologia-lean4/Urysohn/.lake/packages/doc-gen4/.lake/build/bin/doc-gen4 single --build /home/pepsi/Documents/tfg-topologia-lean4/Urysohn/docbuild/.lake/build Mathlib.Analysis.Calculus.MeanValue https://github.com/leanprover-community/mathlib4/blob/a3a10db0e9d66acbebf76c5e6a135066525ac900/Mathlib/Analysis/Calculus/MeanValue.lean",
   "level": "trace"}],
 "inputs":
 [["<collection>",
   [["/home/pepsi/Documents/tfg-topologia-lean4/Urysohn/docbuild/.lake/build/doc/Mathlib/Analysis/Calculus/Deriv/AffineMap.html",
     "2345d2eb029b4c06"],
    ["/home/pepsi/Documents/tfg-topologia-lean4/Urysohn/docbuild/.lake/build/doc/Mathlib/Analysis/Calculus/Deriv/Comp.html",
     "19d090afeb0068ba"],
    ["/home/pepsi/Documents/tfg-topologia-lean4/Urysohn/docbuild/.lake/build/doc/Mathlib/Analysis/Calculus/Deriv/Mul.html",
     "1013a7a0f5fc61cf"],
    ["/home/pepsi/Documents/tfg-topologia-lean4/Urysohn/docbuild/.lake/build/doc/Mathlib/Analysis/Calculus/Deriv/Slope.html",
     "89be20b4311308f5"],
    ["/home/pepsi/Documents/tfg-topologia-lean4/Urysohn/docbuild/.lake/build/doc/Mathlib/Analysis/Normed/Group/AddTorsor.html",
     "3f788b208d7a7d69"],
    ["/home/pepsi/Documents/tfg-topologia-lean4/Urysohn/docbuild/.lake/build/doc/Mathlib/Analysis/Normed/Module/Convex.html",
     "2476ee9f8fbc5f4b"],
    ["/home/pepsi/Documents/tfg-topologia-lean4/Urysohn/docbuild/.lake/build/doc/Mathlib/Analysis/RCLike/Basic.html",
     "afbc51a6407ec205"],
    ["/home/pepsi/Documents/tfg-topologia-lean4/Urysohn/docbuild/.lake/build/doc/Mathlib/Topology/Instances/RealVectorSpace.html",
     "abdb9af7f5405ab0"],
    ["/home/pepsi/Documents/tfg-topologia-lean4/Urysohn/docbuild/.lake/build/doc/Mathlib/Topology/LocallyConstant/Basic.html",
     "8c3fe630f16360ef"]]],
  ["/home/pepsi/Documents/tfg-topologia-lean4/Urysohn/docbuild/.lake/build/doc-data/references.json",
   "a50f2257f35adb49"],
  ["/home/pepsi/Documents/tfg-topologia-lean4/Urysohn/.lake/packages/doc-gen4/.lake/build/bin/doc-gen4",
   "32f79d1df5dc6183"],
  ["Mathlib.Analysis.Calculus.MeanValue:leanArts", "e6b172c2c66ecf16"]],
 "depHash": "2991f3b978c7fc8d"}