{"synthetic": false,
 "schemaVersion": "2025-09-10",
 "outputs": null,
 "log":
 [{"message": "Documentation indexing", "level": "info"},
  {"message":
   ".> /home/pepsi/Documents/tfg-topologia-lean4/Urysohn/.lake/packages/doc-gen4/.lake/build/bin/doc-gen4 index --build /home/pepsi/Documents/tfg-topologia-lean4/Urysohn/docbuild/.lake/build",
   "level": "trace"}],
 "inputs":
 [["/home/pepsi/Documents/tfg-topologia-lean4/Urysohn/.lake/packages/doc-gen4/.lake/build/bin/doc-gen4",
   "32f79d1df5dc6183"],
  ["<nil>", "7b9f5ff346c3f45f"],
  ["<collection>",
   [["/home/pepsi/Documents/tfg-topologia-lean4/Urysohn/docbuild/.lake/build/doc/Urysohn/Basic.html",
     "343a30728dba9b43"],
    ["/home/pepsi/Documents/tfg-topologia-lean4/Urysohn/docbuild/.lake/build/doc/Urysohn/TopoSpaces/usual.html",
     "71bddd1464f466ba"],
    ["/home/pepsi/Documents/tfg-topologia-lean4/Urysohn/docbuild/.lake/build/doc/Urysohn/BasicProp/bases.html",
     "9a1bf941fd7a7409"],
    ["/home/pepsi/Documents/tfg-topologia-lean4/Urysohn/docbuild/.lake/build/doc/Urysohn/BasicProp/basic.html",
     "51f8c3a5a2dd2ba7"],
    ["/home/pepsi/Documents/tfg-topologia-lean4/Urysohn/docbuild/.lake/build/doc/Urysohn/BasicProp/closed.html",
     "54eb643a16a53395"],
    ["/home/pepsi/Documents/tfg-topologia-lean4/Urysohn/docbuild/.lake/build/doc/Urysohn/BasicProp/open.html",
     "6e5b79d0d25fea34"],
    ["/home/pepsi/Documents/tfg-topologia-lean4/Urysohn/docbuild/.lake/build/doc/Urysohn/BasicProp/interior.html",
     "ad8361da18006e7d"],
    ["/home/pepsi/Documents/tfg-topologia-lean4/Urysohn/docbuild/.lake/build/doc/Urysohn/BasicProp/closure.html",
     "4591586dc3343689"],
    ["/home/pepsi/Documents/tfg-topologia-lean4/Urysohn/docbuild/.lake/build/doc/Urysohn/BasicProp/subspaces.html",
     "f90294f065f4234e"],
    ["/home/pepsi/Documents/tfg-topologia-lean4/Urysohn/docbuild/.lake/build/doc/Urysohn/Continuous/basic.html",
     "77ba4349ca4f2b10"],
    ["/home/pepsi/Documents/tfg-topologia-lean4/Urysohn/docbuild/.lake/build/doc/Urysohn/Continuous/subspaces.html",
     "9a9af23ee08c010f"],
    ["/home/pepsi/Documents/tfg-topologia-lean4/Urysohn/docbuild/.lake/build/doc/Urysohn/Continuous/bases.html",
     "4343bc0a4c94e269"],
    ["/home/pepsi/Documents/tfg-topologia-lean4/Urysohn/docbuild/.lake/build/doc/Urysohn/TopoSpaces/discrete.html",
     "061d3ac0019f65db"],
    ["/home/pepsi/Documents/tfg-topologia-lean4/Urysohn/docbuild/.lake/build/doc/Urysohn/TopoSpaces/trivial.html",
     "f0ffbb7c6f7174b2"],
    ["/home/pepsi/Documents/tfg-topologia-lean4/Urysohn/docbuild/.lake/build/doc/Urysohn/TopoSpaces/sorgenfrey.html",
     "5a22e99494cef74a"],
    ["/home/pepsi/Documents/tfg-topologia-lean4/Urysohn/docbuild/.lake/build/doc/Urysohn/Continuous/examples.html",
     "d52a653009b1a225"],
    ["/home/pepsi/Documents/tfg-topologia-lean4/Urysohn/docbuild/.lake/build/doc/Urysohn/Continuous/homeom.html",
     "0d5818992afc05fa"],
    ["/home/pepsi/Documents/tfg-topologia-lean4/Urysohn/docbuild/.lake/build/doc/Urysohn/MyDefs/my_denumerableQ.html",
     "db7e96b859284caa"],
    ["/home/pepsi/Documents/tfg-topologia-lean4/Urysohn/docbuild/.lake/build/doc/Urysohn/MyDefs/my_induction.html",
     "94c835efe6a41f59"],
    ["/home/pepsi/Documents/tfg-topologia-lean4/Urysohn/docbuild/.lake/build/doc/Urysohn/MyDefs/my_inf.html",
     "22eb3e4be870d70b"],
    ["/home/pepsi/Documents/tfg-topologia-lean4/Urysohn/docbuild/.lake/build/doc/Urysohn/MyDefs/my_lex_order.html",
     "85892a57be532b89"],
    ["/home/pepsi/Documents/tfg-topologia-lean4/Urysohn/docbuild/.lake/build/doc/Urysohn/MyDefs/my_rs_functions.html",
     "cf7283c54ab57403"],
    ["/home/pepsi/Documents/tfg-topologia-lean4/Urysohn/docbuild/.lake/build/doc/Urysohn/MyDefs/sets.html",
     "ff07a4f7ec21ca34"],
    ["/home/pepsi/Documents/tfg-topologia-lean4/Urysohn/docbuild/.lake/build/doc/Urysohn/Separation/normal.html",
     "c4354aba6bd85ddf"],
    ["/home/pepsi/Documents/tfg-topologia-lean4/Urysohn/docbuild/.lake/build/doc/Urysohn/Separation/def_G.html",
     "75fde36d34f233db"],
    ["/home/pepsi/Documents/tfg-topologia-lean4/Urysohn/docbuild/.lake/build/doc/Urysohn/Separation/def_H.html",
     "060429d417d07ba7"],
    ["/home/pepsi/Documents/tfg-topologia-lean4/Urysohn/docbuild/.lake/build/doc/Urysohn/Separation/def_F.html",
     "a7f563cc76f5fd2a"],
    ["/home/pepsi/Documents/tfg-topologia-lean4/Urysohn/docbuild/.lake/build/doc/Urysohn/Separation/def_k.html",
     "9aa33f625792efb5"],
    ["/home/pepsi/Documents/tfg-topologia-lean4/Urysohn/docbuild/.lake/build/doc/Urysohn/TopoSpaces/point.html",
     "7f8412a94db81f99"],
    ["/home/pepsi/Documents/tfg-topologia-lean4/Urysohn/docbuild/.lake/build/doc/Urysohn/Separation/hausdorff.html",
     "a84267d9cd34ceaa"],
    ["/home/pepsi/Documents/tfg-topologia-lean4/Urysohn/docbuild/.lake/build/doc/Urysohn/Separation/urysohn.html",
     "87626be8fd63b603"],
    ["/home/pepsi/Documents/tfg-topologia-lean4/Urysohn/docbuild/.lake/build/doc/Urysohn/TopoSpaces/finiteCompl.html",
     "18be85ac2dee4e31"],
    ["/home/pepsi/Documents/tfg-topologia-lean4/Urysohn/docbuild/.lake/build/doc/Urysohn.html",
     "5515d79ad43fd40d"]]]],
 "depHash": "f33bf4afe65e04cb"}