{"synthetic": false,
 "schemaVersion": "2025-09-10",
 "outputs": null,
 "log":
 [{"message":
   ".> ELAN=elan ELAN_HOME=/home/pepsi/.elan ELAN_TOOLCHAIN=leanprover/lean4:v4.27.0 LAKE=/home/pepsi/.elan/toolchains/leanprover--lean4---v4.27.0/bin/lake LAKE_HOME=/home/pepsi/.elan/toolchains/leanprover--lean4---v4.27.0 LAKE_PKG_URL_MAP={} LAKE_NO_CACHE=false LAKE_ARTIFACT_CACHE=false LAKE_CACHE_KEY= LAKE_CACHE_ARTIFACT_ENDPOINT= LAKE_CACHE_REVISION_ENDPOINT= LEAN=/home/pepsi/.elan/toolchains/leanprover--lean4---v4.27.0/bin/lean LEAN_SYSROOT=/home/pepsi/.elan/toolchains/leanprover--lean4---v4.27.0 LEAN_AR=/home/pepsi/.elan/toolchains/leanprover--lean4---v4.27.0/bin/llvm-ar LEAN_CC= LAKE_CACHE_DIR=/home/pepsi/.elan/toolchains/leanprover--lean4---v4.27.0/lake/cache LEAN_PATH=/home/pepsi/Documents/tfg-topologia-lean4/Urysohn/.lake/packages/batteries/.lake/build/lib/lean:/home/pepsi/Documents/tfg-topologia-lean4/Urysohn/.lake/packages/Qq/.lake/build/lib/lean:/home/pepsi/Documents/tfg-topologia-lean4/Urysohn/.lake/packages/aesop/.lake/build/lib/lean:/home/pepsi/Documents/tfg-topologia-lean4/Urysohn/.lake/packages/proofwidgets/.lake/build/lib/lean:/home/pepsi/Documents/tfg-topologia-lean4/Urysohn/.lake/packages/importGraph/.lake/build/lib/lean:/home/pepsi/Documents/tfg-topologia-lean4/Urysohn/.lake/packages/LeanSearchClient/.lake/build/lib/lean:/home/pepsi/Documents/tfg-topologia-lean4/Urysohn/.lake/packages/plausible/.lake/build/lib/lean:/home/pepsi/Documents/tfg-topologia-lean4/Urysohn/.lake/packages/mathlib/.lake/build/lib/lean:/home/pepsi/Documents/tfg-topologia-lean4/Urysohn/.lake/packages/checkdecls/.lake/build/lib/lean:/home/pepsi/Documents/tfg-topologia-lean4/Urysohn/.lake/packages/MD4Lean/.lake/build/lib/lean:/home/pepsi/Documents/tfg-topologia-lean4/Urysohn/.lake/packages/BibtexQuery/.lake/build/lib/lean:/home/pepsi/Documents/tfg-topologia-lean4/Urysohn/.lake/packages/UnicodeBasic/.lake/build/lib/lean:/home/pepsi/Documents/tfg-topologia-lean4/Urysohn/.lake/packages/Cli/.lake/build/lib/lean:/home/pepsi/Documents/tfg-topologia-lean4/Urysohn/.lake/build/lib/lean:/home/pepsi/Documents/tfg-topologia-lean4/Urysohn/.lake/packages/doc-gen4/.lake/build/lib/lean:/home/pepsi/Documents/tfg-topologia-lean4/Urysohn/docbuild/.lake/build/lib/lean:/home/pepsi/.elan/toolchains/leanprover--lean4---v4.27.0/lib/lean LEAN_SRC_PATH=/home/pepsi/Documents/tfg-topologia-lean4/Urysohn/.lake/packages/batteries:/home/pepsi/Documents/tfg-topologia-lean4/Urysohn/.lake/packages/batteries:/home/pepsi/Documents/tfg-topologia-lean4/Urysohn/.lake/packages/Qq:/home/pepsi/Documents/tfg-topologia-lean4/Urysohn/.lake/packages/Qq:/home/pepsi/Documents/tfg-topologia-lean4/Urysohn/.lake/packages/aesop:/home/pepsi/Documents/tfg-topologia-lean4/Urysohn/.lake/packages/aesop:/home/pepsi/Documents/tfg-topologia-lean4/Urysohn/.lake/packages/proofwidgets:/home/pepsi/Documents/tfg-topologia-lean4/Urysohn/.lake/packages/proofwidgets:/home/pepsi/Documents/tfg-topologia-lean4/Urysohn/.lake/packages/proofwidgets:/home/pepsi/Documents/tfg-topologia-lean4/Urysohn/.lake/packages/importGraph:/home/pepsi/Documents/tfg-topologia-lean4/Urysohn/.lake/packages/importGraph:/home/pepsi/Documents/tfg-topologia-lean4/Urysohn/.lake/packages/LeanSearchClient:/home/pepsi/Documents/tfg-topologia-lean4/Urysohn/.lake/packages/LeanSearchClient:/home/pepsi/Documents/tfg-topologia-lean4/Urysohn/.lake/packages/plausible:/home/pepsi/Documents/tfg-topologia-lean4/Urysohn/.lake/packages/plausible:/home/pepsi/Documents/tfg-topologia-lean4/Urysohn/.lake/packages/mathlib:/home/pepsi/Documents/tfg-topologia-lean4/Urysohn/.lake/packages/mathlib:/home/pepsi/Documents/tfg-topologia-lean4/Urysohn/.lake/packages/mathlib:/home/pepsi/Documents/tfg-topologia-lean4/Urysohn/.lake/packages/mathlib:/home/pepsi/Documents/tfg-topologia-lean4/Urysohn/.lake/packages/mathlib:/home/pepsi/Documents/tfg-topologia-lean4/Urysohn/.lake/packages/mathlib:/home/pepsi/Documents/tfg-topologia-lean4/Urysohn/.lake/packages/mathlib:/home/pepsi/Documents/tfg-topologia-lean4/Urysohn/.lake/packages/MD4Lean:/home/pepsi/Documents/tfg-topologia-lean4/Urysohn/.lake/packages/MD4Lean:/home/pepsi/Documents/tfg-topologia-lean4/Urysohn/.lake/packages/BibtexQuery:/home/pepsi/Documents/tfg-topologia-lean4/Urysohn/.lake/packages/UnicodeBasic:/home/pepsi/Documents/tfg-topologia-lean4/Urysohn/.lake/packages/UnicodeBasic:/home/pepsi/Documents/tfg-topologia-lean4/Urysohn/.lake/packages/Cli:/home/pepsi/Documents/tfg-topologia-lean4/Urysohn/.lake/packages/Cli:/home/pepsi/Documents/tfg-topologia-lean4/Urysohn:/home/pepsi/Documents/tfg-topologia-lean4/Urysohn/.lake/packages/doc-gen4:/home/pepsi/.elan/toolchains/leanprover--lean4---v4.27.0/src/lean/lake LEAN_GITHASH=db93fe1608548721853390a10cd40580fe7d22ae PATH LD_LIBRARY_PATH=/home/pepsi/.elan/toolchains/leanprover--lean4---v4.27.0/lib/lean:/home/pepsi/.elan/toolchains/leanprover--lean4---v4.27.0/lib:/home/pepsi/Documents/tfg-topologia-lean4/Urysohn/docbuild/.lake/build/lib:/home/pepsi/Documents/tfg-topologia-lean4/Urysohn/.lake/packages/doc-gen4/.lake/build/lib:/home/pepsi/Documents/tfg-topologia-lean4/Urysohn/.lake/build/lib:/home/pepsi/Documents/tfg-topologia-lean4/Urysohn/.lake/packages/Cli/.lake/build/lib:/home/pepsi/Documents/tfg-topologia-lean4/Urysohn/.lake/packages/UnicodeBasic/.lake/build/lib:/home/pepsi/Documents/tfg-topologia-lean4/Urysohn/.lake/packages/BibtexQuery/.lake/build/lib:/home/pepsi/Documents/tfg-topologia-lean4/Urysohn/.lake/packages/MD4Lean/.lake/build/lib:/home/pepsi/Documents/tfg-topologia-lean4/Urysohn/.lake/packages/checkdecls/.lake/build/lib:/home/pepsi/Documents/tfg-topologia-lean4/Urysohn/.lake/packages/mathlib/.lake/build/lib:/home/pepsi/Documents/tfg-topologia-lean4/Urysohn/.lake/packages/plausible/.lake/build/lib:/home/pepsi/Documents/tfg-topologia-lean4/Urysohn/.lake/packages/LeanSearchClient/.lake/build/lib:/home/pepsi/Documents/tfg-topologia-lean4/Urysohn/.lake/packages/importGraph/.lake/build/lib:/home/pepsi/Documents/tfg-topologia-lean4/Urysohn/.lake/packages/proofwidgets/.lake/build/lib:/home/pepsi/Documents/tfg-topologia-lean4/Urysohn/.lake/packages/aesop/.lake/build/lib:/home/pepsi/Documents/tfg-topologia-lean4/Urysohn/.lake/packages/Qq/.lake/build/lib:/home/pepsi/Documents/tfg-topologia-lean4/Urysohn/.lake/packages/batteries/.lake/build/lib /home/pepsi/Documents/tfg-topologia-lean4/Urysohn/.lake/packages/doc-gen4/.lake/build/bin/doc-gen4 single --build /home/pepsi/Documents/tfg-topologia-lean4/Urysohn/docbuild/.lake/build Batteries https://github.com/leanprover-community/batteries/blob/b25b36a7caf8e237e7d1e6121543078a06777c8a/Batteries.lean",
   "level": "trace"}],
 "inputs":
 [["<collection>",
   [["/home/pepsi/Documents/tfg-topologia-lean4/Urysohn/docbuild/.lake/build/doc/Batteries/Classes/Cast.html",
     "03be22bf90d4276d"],
    ["/home/pepsi/Documents/tfg-topologia-lean4/Urysohn/docbuild/.lake/build/doc/Batteries/Classes/Deprecated.html",
     "9b7037ac235b9f4a"],
    ["/home/pepsi/Documents/tfg-topologia-lean4/Urysohn/docbuild/.lake/build/doc/Batteries/Classes/Order.html",
     "c96af47148f8f013"],
    ["/home/pepsi/Documents/tfg-topologia-lean4/Urysohn/docbuild/.lake/build/doc/Batteries/Classes/RatCast.html",
     "634b40f18c139204"],
    ["/home/pepsi/Documents/tfg-topologia-lean4/Urysohn/docbuild/.lake/build/doc/Batteries/Classes/SatisfiesM.html",
     "30ec463f39db7d41"],
    ["/home/pepsi/Documents/tfg-topologia-lean4/Urysohn/docbuild/.lake/build/doc/Batteries/CodeAction.html",
     "8cd09dfbd1734195"],
    ["/home/pepsi/Documents/tfg-topologia-lean4/Urysohn/docbuild/.lake/build/doc/Batteries/CodeAction/Attr.html",
     "3fbd82473056398e"],
    ["/home/pepsi/Documents/tfg-topologia-lean4/Urysohn/docbuild/.lake/build/doc/Batteries/CodeAction/Basic.html",
     "cfbfe72d233e3298"],
    ["/home/pepsi/Documents/tfg-topologia-lean4/Urysohn/docbuild/.lake/build/doc/Batteries/CodeAction/Deprecated.html",
     "be77e102c8880511"],
    ["/home/pepsi/Documents/tfg-topologia-lean4/Urysohn/docbuild/.lake/build/doc/Batteries/CodeAction/Match.html",
     "8746887f01084d81"],
    ["/home/pepsi/Documents/tfg-topologia-lean4/Urysohn/docbuild/.lake/build/doc/Batteries/CodeAction/Misc.html",
     "b0faac9fb15107ef"],
    ["/home/pepsi/Documents/tfg-topologia-lean4/Urysohn/docbuild/.lake/build/doc/Batteries/Control/AlternativeMonad.html",
     "2ae3f60c76a06b33"],
    ["/home/pepsi/Documents/tfg-topologia-lean4/Urysohn/docbuild/.lake/build/doc/Batteries/Control/ForInStep.html",
     "48ab1c9a7f57efcf"],
    ["/home/pepsi/Documents/tfg-topologia-lean4/Urysohn/docbuild/.lake/build/doc/Batteries/Control/ForInStep/Basic.html",
     "474eb6939dc8cffa"],
    ["/home/pepsi/Documents/tfg-topologia-lean4/Urysohn/docbuild/.lake/build/doc/Batteries/Control/ForInStep/Lemmas.html",
     "3a68fda5e655265f"],
    ["/home/pepsi/Documents/tfg-topologia-lean4/Urysohn/docbuild/.lake/build/doc/Batteries/Control/LawfulMonadState.html",
     "8c4ead387b59c7d7"],
    ["/home/pepsi/Documents/tfg-topologia-lean4/Urysohn/docbuild/.lake/build/doc/Batteries/Control/Lemmas.html",
     "6ac6b9e8e19f8d2c"],
    ["/home/pepsi/Documents/tfg-topologia-lean4/Urysohn/docbuild/.lake/build/doc/Batteries/Control/Monad.html",
     "664fad72246bc2dc"],
    ["/home/pepsi/Documents/tfg-topologia-lean4/Urysohn/docbuild/.lake/build/doc/Batteries/Control/Nondet/Basic.html",
     "dec4c584d0874140"],
    ["/home/pepsi/Documents/tfg-topologia-lean4/Urysohn/docbuild/.lake/build/doc/Batteries/Control/OptionT.html",
     "d0cda12a385a21f1"],
    ["/home/pepsi/Documents/tfg-topologia-lean4/Urysohn/docbuild/.lake/build/doc/Batteries/Data/Array.html",
     "d2154fe2e7a52a62"],
    ["/home/pepsi/Documents/tfg-topologia-lean4/Urysohn/docbuild/.lake/build/doc/Batteries/Data/AssocList.html",
     "b25eb887d2f319b4"],
    ["/home/pepsi/Documents/tfg-topologia-lean4/Urysohn/docbuild/.lake/build/doc/Batteries/Data/BinaryHeap.html",
     "9b38eb4f072679a4"],
    ["/home/pepsi/Documents/tfg-topologia-lean4/Urysohn/docbuild/.lake/build/doc/Batteries/Data/BinomialHeap.html",
     "b4df731afe62cb78"],
    ["/home/pepsi/Documents/tfg-topologia-lean4/Urysohn/docbuild/.lake/build/doc/Batteries/Data/BitVec.html",
     "c3f6f3a6fa36be5d"],
    ["/home/pepsi/Documents/tfg-topologia-lean4/Urysohn/docbuild/.lake/build/doc/Batteries/Data/ByteArray.html",
     "3e408c00d8250d73"],
    ["/home/pepsi/Documents/tfg-topologia-lean4/Urysohn/docbuild/.lake/build/doc/Batteries/Data/ByteSlice.html",
     "f23fb0b0149fccc5"],
    ["/home/pepsi/Documents/tfg-topologia-lean4/Urysohn/docbuild/.lake/build/doc/Batteries/Data/Char.html",
     "9cad8d49d72c4715"],
    ["/home/pepsi/Documents/tfg-topologia-lean4/Urysohn/docbuild/.lake/build/doc/Batteries/Data/DList.html",
     "fb7ce503b1997823"],
    ["/home/pepsi/Documents/tfg-topologia-lean4/Urysohn/docbuild/.lake/build/doc/Batteries/Data/Fin.html",
     "09356affb1699f50"],
    ["/home/pepsi/Documents/tfg-topologia-lean4/Urysohn/docbuild/.lake/build/doc/Batteries/Data/FloatArray.html",
     "0b044e923bcf8a49"],
    ["/home/pepsi/Documents/tfg-topologia-lean4/Urysohn/docbuild/.lake/build/doc/Batteries/Data/HashMap.html",
     "cd23b574db5dea04"],
    ["/home/pepsi/Documents/tfg-topologia-lean4/Urysohn/docbuild/.lake/build/doc/Batteries/Data/Int.html",
     "32a90a882ed78949"],
    ["/home/pepsi/Documents/tfg-topologia-lean4/Urysohn/docbuild/.lake/build/doc/Batteries/Data/List.html",
     "617b12e5d2d348b0"],
    ["/home/pepsi/Documents/tfg-topologia-lean4/Urysohn/docbuild/.lake/build/doc/Batteries/Data/MLList.html",
     "e04a648ab276cf67"],
    ["/home/pepsi/Documents/tfg-topologia-lean4/Urysohn/docbuild/.lake/build/doc/Batteries/Data/NameSet.html",
     "5a4dec9e14fb58ad"],
    ["/home/pepsi/Documents/tfg-topologia-lean4/Urysohn/docbuild/.lake/build/doc/Batteries/Data/Nat.html",
     "5d8d013858f963b4"],
    ["/home/pepsi/Documents/tfg-topologia-lean4/Urysohn/docbuild/.lake/build/doc/Batteries/Data/PairingHeap.html",
     "7fba06f0d2af7feb"],
    ["/home/pepsi/Documents/tfg-topologia-lean4/Urysohn/docbuild/.lake/build/doc/Batteries/Data/RBMap.html",
     "854388c56aa4e633"],
    ["/home/pepsi/Documents/tfg-topologia-lean4/Urysohn/docbuild/.lake/build/doc/Batteries/Data/Random.html",
     "f2068be9eea99e77"],
    ["/home/pepsi/Documents/tfg-topologia-lean4/Urysohn/docbuild/.lake/build/doc/Batteries/Data/Range.html",
     "3a888dd112d7fdf5"],
    ["/home/pepsi/Documents/tfg-topologia-lean4/Urysohn/docbuild/.lake/build/doc/Batteries/Data/Rat.html",
     "b77e463e70abe70d"],
    ["/home/pepsi/Documents/tfg-topologia-lean4/Urysohn/docbuild/.lake/build/doc/Batteries/Data/RunningStats.html",
     "15b54d5e113df7fa"],
    ["/home/pepsi/Documents/tfg-topologia-lean4/Urysohn/docbuild/.lake/build/doc/Batteries/Data/Stream.html",
     "dbd152c085ee61ff"],
    ["/home/pepsi/Documents/tfg-topologia-lean4/Urysohn/docbuild/.lake/build/doc/Batteries/Data/String.html",
     "dc6f19cbb5019e10"],
    ["/home/pepsi/Documents/tfg-topologia-lean4/Urysohn/docbuild/.lake/build/doc/Batteries/Data/UInt.html",
     "c52ba2163debf84f"],
    ["/home/pepsi/Documents/tfg-topologia-lean4/Urysohn/docbuild/.lake/build/doc/Batteries/Data/UnionFind.html",
     "02025fae79c2b225"],
    ["/home/pepsi/Documents/tfg-topologia-lean4/Urysohn/docbuild/.lake/build/doc/Batteries/Data/Vector.html",
     "6bd6afa7cafc8237"],
    ["/home/pepsi/Documents/tfg-topologia-lean4/Urysohn/docbuild/.lake/build/doc/Batteries/Lean/AttributeExtra.html",
     "2efba21f0c284c48"],
    ["/home/pepsi/Documents/tfg-topologia-lean4/Urysohn/docbuild/.lake/build/doc/Batteries/Lean/EStateM.html",
     "fa411118987e825f"],
    ["/home/pepsi/Documents/tfg-topologia-lean4/Urysohn/docbuild/.lake/build/doc/Batteries/Lean/Except.html",
     "0799c17cb0f36be2"],
    ["/home/pepsi/Documents/tfg-topologia-lean4/Urysohn/docbuild/.lake/build/doc/Batteries/Lean/Expr.html",
     "8926060ff14587e9"],
    ["/home/pepsi/Documents/tfg-topologia-lean4/Urysohn/docbuild/.lake/build/doc/Batteries/Lean/Float.html",
     "afd93bd0e83da4b7"],
    ["/home/pepsi/Documents/tfg-topologia-lean4/Urysohn/docbuild/.lake/build/doc/Batteries/Lean/HashMap.html",
     "bbe5bb4e43d1d4ae"],
    ["/home/pepsi/Documents/tfg-topologia-lean4/Urysohn/docbuild/.lake/build/doc/Batteries/Lean/HashSet.html",
     "6a02ffb96729de77"],
    ["/home/pepsi/Documents/tfg-topologia-lean4/Urysohn/docbuild/.lake/build/doc/Batteries/Lean/IO/Process.html",
     "6c3a438d277e4a0f"],
    ["/home/pepsi/Documents/tfg-topologia-lean4/Urysohn/docbuild/.lake/build/doc/Batteries/Lean/Json.html",
     "71d7dbef908f6954"],
    ["/home/pepsi/Documents/tfg-topologia-lean4/Urysohn/docbuild/.lake/build/doc/Batteries/Lean/LawfulMonad.html",
     "1d9ec7036bd2a6a8"],
    ["/home/pepsi/Documents/tfg-topologia-lean4/Urysohn/docbuild/.lake/build/doc/Batteries/Lean/LawfulMonadLift.html",
     "ae07df2ae9c50e1c"],
    ["/home/pepsi/Documents/tfg-topologia-lean4/Urysohn/docbuild/.lake/build/doc/Batteries/Lean/Meta/Basic.html",
     "7dba59f63661acb4"],
    ["/home/pepsi/Documents/tfg-topologia-lean4/Urysohn/docbuild/.lake/build/doc/Batteries/Lean/Meta/DiscrTree.html",
     "3c955295c2980101"],
    ["/home/pepsi/Documents/tfg-topologia-lean4/Urysohn/docbuild/.lake/build/doc/Batteries/Lean/Meta/Expr.html",
     "3d778c7081195246"],
    ["/home/pepsi/Documents/tfg-topologia-lean4/Urysohn/docbuild/.lake/build/doc/Batteries/Lean/Meta/Inaccessible.html",
     "b3f9093d6cc5b093"],
    ["/home/pepsi/Documents/tfg-topologia-lean4/Urysohn/docbuild/.lake/build/doc/Batteries/Lean/Meta/InstantiateMVars.html",
     "e16e337fe626ce5a"],
    ["/home/pepsi/Documents/tfg-topologia-lean4/Urysohn/docbuild/.lake/build/doc/Batteries/Lean/Meta/SavedState.html",
     "d26a3bde1bab7408"],
    ["/home/pepsi/Documents/tfg-topologia-lean4/Urysohn/docbuild/.lake/build/doc/Batteries/Lean/Meta/Simp.html",
     "33c3a5a61cc3be4a"],
    ["/home/pepsi/Documents/tfg-topologia-lean4/Urysohn/docbuild/.lake/build/doc/Batteries/Lean/Meta/UnusedNames.html",
     "c5c59dadb602a48d"],
    ["/home/pepsi/Documents/tfg-topologia-lean4/Urysohn/docbuild/.lake/build/doc/Batteries/Lean/MonadBacktrack.html",
     "7bcad2bae31f7297"],
    ["/home/pepsi/Documents/tfg-topologia-lean4/Urysohn/docbuild/.lake/build/doc/Batteries/Lean/NameMapAttribute.html",
     "6dcd21967c7951f0"],
    ["/home/pepsi/Documents/tfg-topologia-lean4/Urysohn/docbuild/.lake/build/doc/Batteries/Lean/PersistentHashMap.html",
     "09cec65535d035f7"],
    ["/home/pepsi/Documents/tfg-topologia-lean4/Urysohn/docbuild/.lake/build/doc/Batteries/Lean/PersistentHashSet.html",
     "3f8f70e2e2e0215a"],
    ["/home/pepsi/Documents/tfg-topologia-lean4/Urysohn/docbuild/.lake/build/doc/Batteries/Lean/Position.html",
     "88fc13ee2c1f2218"],
    ["/home/pepsi/Documents/tfg-topologia-lean4/Urysohn/docbuild/.lake/build/doc/Batteries/Lean/SatisfiesM.html",
     "2baeb5d729429fa2"],
    ["/home/pepsi/Documents/tfg-topologia-lean4/Urysohn/docbuild/.lake/build/doc/Batteries/Lean/Syntax.html",
     "47541590919aba65"],
    ["/home/pepsi/Documents/tfg-topologia-lean4/Urysohn/docbuild/.lake/build/doc/Batteries/Lean/System/IO.html",
     "5ff5127516b005a7"],
    ["/home/pepsi/Documents/tfg-topologia-lean4/Urysohn/docbuild/.lake/build/doc/Batteries/Lean/TagAttribute.html",
     "70450bfdd17d5304"],
    ["/home/pepsi/Documents/tfg-topologia-lean4/Urysohn/docbuild/.lake/build/doc/Batteries/Lean/Util/EnvSearch.html",
     "895c25423b4a2165"],
    ["/home/pepsi/Documents/tfg-topologia-lean4/Urysohn/docbuild/.lake/build/doc/Batteries/Linter.html",
     "7959cf6c925c1eee"],
    ["/home/pepsi/Documents/tfg-topologia-lean4/Urysohn/docbuild/.lake/build/doc/Batteries/Linter/UnnecessarySeqFocus.html",
     "06d44b0964bc340e"],
    ["/home/pepsi/Documents/tfg-topologia-lean4/Urysohn/docbuild/.lake/build/doc/Batteries/Linter/UnreachableTactic.html",
     "e7046d12dff3bb51"],
    ["/home/pepsi/Documents/tfg-topologia-lean4/Urysohn/docbuild/.lake/build/doc/Batteries/Logic.html",
     "c109afc8c940c959"],
    ["/home/pepsi/Documents/tfg-topologia-lean4/Urysohn/docbuild/.lake/build/doc/Batteries/Tactic/Alias.html",
     "1dd44f25d5ad3127"],
    ["/home/pepsi/Documents/tfg-topologia-lean4/Urysohn/docbuild/.lake/build/doc/Batteries/Tactic/Basic.html",
     "e6d3dcf31b78a169"],
    ["/home/pepsi/Documents/tfg-topologia-lean4/Urysohn/docbuild/.lake/build/doc/Batteries/Tactic/Case.html",
     "55ad074510c60b8a"],
    ["/home/pepsi/Documents/tfg-topologia-lean4/Urysohn/docbuild/.lake/build/doc/Batteries/Tactic/Congr.html",
     "29dbfdf4d9775070"],
    ["/home/pepsi/Documents/tfg-topologia-lean4/Urysohn/docbuild/.lake/build/doc/Batteries/Tactic/Exact.html",
     "1245feb3e1088417"],
    ["/home/pepsi/Documents/tfg-topologia-lean4/Urysohn/docbuild/.lake/build/doc/Batteries/Tactic/GeneralizeProofs.html",
     "0118a72fdd52dac7"],
    ["/home/pepsi/Documents/tfg-topologia-lean4/Urysohn/docbuild/.lake/build/doc/Batteries/Tactic/HelpCmd.html",
     "86d40a1ac8b8402c"],
    ["/home/pepsi/Documents/tfg-topologia-lean4/Urysohn/docbuild/.lake/build/doc/Batteries/Tactic/Init.html",
     "6820c83ebdf3b95f"],
    ["/home/pepsi/Documents/tfg-topologia-lean4/Urysohn/docbuild/.lake/build/doc/Batteries/Tactic/Instances.html",
     "276eecedef349d4e"],
    ["/home/pepsi/Documents/tfg-topologia-lean4/Urysohn/docbuild/.lake/build/doc/Batteries/Tactic/Lemma.html",
     "99046c9c41f00d7a"],
    ["/home/pepsi/Documents/tfg-topologia-lean4/Urysohn/docbuild/.lake/build/doc/Batteries/Tactic/Lint.html",
     "3ae3676fbf1f2f99"],
    ["/home/pepsi/Documents/tfg-topologia-lean4/Urysohn/docbuild/.lake/build/doc/Batteries/Tactic/Lint/Basic.html",
     "3e494cab7f6e6048"],
    ["/home/pepsi/Documents/tfg-topologia-lean4/Urysohn/docbuild/.lake/build/doc/Batteries/Tactic/Lint/Frontend.html",
     "5ece80a82118cd9d"],
    ["/home/pepsi/Documents/tfg-topologia-lean4/Urysohn/docbuild/.lake/build/doc/Batteries/Tactic/Lint/Misc.html",
     "8d89c76921859eec"],
    ["/home/pepsi/Documents/tfg-topologia-lean4/Urysohn/docbuild/.lake/build/doc/Batteries/Tactic/Lint/Simp.html",
     "a87fa1b1f165b5fb"],
    ["/home/pepsi/Documents/tfg-topologia-lean4/Urysohn/docbuild/.lake/build/doc/Batteries/Tactic/Lint/TypeClass.html",
     "dd70904de3451e08"],
    ["/home/pepsi/Documents/tfg-topologia-lean4/Urysohn/docbuild/.lake/build/doc/Batteries/Tactic/NoMatch.html",
     "1fcd0dd17abb9143"],
    ["/home/pepsi/Documents/tfg-topologia-lean4/Urysohn/docbuild/.lake/build/doc/Batteries/Tactic/OpenPrivate.html",
     "30b6210723f61ff3"],
    ["/home/pepsi/Documents/tfg-topologia-lean4/Urysohn/docbuild/.lake/build/doc/Batteries/Tactic/PermuteGoals.html",
     "5b36fc7fbd066860"],
    ["/home/pepsi/Documents/tfg-topologia-lean4/Urysohn/docbuild/.lake/build/doc/Batteries/Tactic/PrintDependents.html",
     "cd16dab69f409e2e"],
    ["/home/pepsi/Documents/tfg-topologia-lean4/Urysohn/docbuild/.lake/build/doc/Batteries/Tactic/PrintOpaques.html",
     "a4cb085f7ac9ae3c"],
    ["/home/pepsi/Documents/tfg-topologia-lean4/Urysohn/docbuild/.lake/build/doc/Batteries/Tactic/PrintPrefix.html",
     "e17e4fddc4c6947e"],
    ["/home/pepsi/Documents/tfg-topologia-lean4/Urysohn/docbuild/.lake/build/doc/Batteries/Tactic/SeqFocus.html",
     "70bad8ef77ffeb9c"],
    ["/home/pepsi/Documents/tfg-topologia-lean4/Urysohn/docbuild/.lake/build/doc/Batteries/Tactic/ShowUnused.html",
     "0318dbede4c18563"],
    ["/home/pepsi/Documents/tfg-topologia-lean4/Urysohn/docbuild/.lake/build/doc/Batteries/Tactic/SqueezeScope.html",
     "b656192baaae60d5"],
    ["/home/pepsi/Documents/tfg-topologia-lean4/Urysohn/docbuild/.lake/build/doc/Batteries/Tactic/Trans.html",
     "0a965b7040f89342"],
    ["/home/pepsi/Documents/tfg-topologia-lean4/Urysohn/docbuild/.lake/build/doc/Batteries/Tactic/Unreachable.html",
     "028edccfd896e347"],
    ["/home/pepsi/Documents/tfg-topologia-lean4/Urysohn/docbuild/.lake/build/doc/Batteries/Util/Cache.html",
     "432179842c4847ba"],
    ["/home/pepsi/Documents/tfg-topologia-lean4/Urysohn/docbuild/.lake/build/doc/Batteries/Util/ExtendedBinder.html",
     "6c689426d96fdcc2"],
    ["/home/pepsi/Documents/tfg-topologia-lean4/Urysohn/docbuild/.lake/build/doc/Batteries/Util/LibraryNote.html",
     "13856b4bf0a12d33"],
    ["/home/pepsi/Documents/tfg-topologia-lean4/Urysohn/docbuild/.lake/build/doc/Batteries/Util/Panic.html",
     "3d956bc8a8a0d41f"],
    ["/home/pepsi/Documents/tfg-topologia-lean4/Urysohn/docbuild/.lake/build/doc/Batteries/Util/Pickle.html",
     "632f0df287b75d7a"],
    ["/home/pepsi/Documents/tfg-topologia-lean4/Urysohn/docbuild/.lake/build/doc/Batteries/Util/ProofWanted.html",
     "68bf75455f292c3a"]]],
  ["/home/pepsi/Documents/tfg-topologia-lean4/Urysohn/docbuild/.lake/build/doc-data/references.json",
   "a50f2257f35adb49"],
  ["/home/pepsi/Documents/tfg-topologia-lean4/Urysohn/.lake/packages/doc-gen4/.lake/build/bin/doc-gen4",
   "32f79d1df5dc6183"],
  ["Batteries:leanArts", "c3eec2d2ffe9cf6b"]],
 "depHash": "c8c00ec312d6d2b4"}