{"synthetic": false,
 "schemaVersion": "2025-09-10",
 "outputs": null,
 "log":
 [{"message":
   ".> ELAN=elan ELAN_HOME=/home/pepsi/.elan ELAN_TOOLCHAIN=leanprover/lean4:v4.27.0 LAKE=/home/pepsi/.elan/toolchains/leanprover--lean4---v4.27.0/bin/lake LAKE_HOME=/home/pepsi/.elan/toolchains/leanprover--lean4---v4.27.0 LAKE_PKG_URL_MAP={} LAKE_NO_CACHE=false LAKE_ARTIFACT_CACHE=false LAKE_CACHE_KEY= LAKE_CACHE_ARTIFACT_ENDPOINT= LAKE_CACHE_REVISION_ENDPOINT= LEAN=/home/pepsi/.elan/toolchains/leanprover--lean4---v4.27.0/bin/lean LEAN_SYSROOT=/home/pepsi/.elan/toolchains/leanprover--lean4---v4.27.0 LEAN_AR=/home/pepsi/.elan/toolchains/leanprover--lean4---v4.27.0/bin/llvm-ar LEAN_CC= LAKE_CACHE_DIR=/home/pepsi/.elan/toolchains/leanprover--lean4---v4.27.0/lake/cache LEAN_PATH=/home/pepsi/Documents/tfg-topologia-lean4/Urysohn/.lake/packages/batteries/.lake/build/lib/lean:/home/pepsi/Documents/tfg-topologia-lean4/Urysohn/.lake/packages/Qq/.lake/build/lib/lean:/home/pepsi/Documents/tfg-topologia-lean4/Urysohn/.lake/packages/aesop/.lake/build/lib/lean:/home/pepsi/Documents/tfg-topologia-lean4/Urysohn/.lake/packages/proofwidgets/.lake/build/lib/lean:/home/pepsi/Documents/tfg-topologia-lean4/Urysohn/.lake/packages/importGraph/.lake/build/lib/lean:/home/pepsi/Documents/tfg-topologia-lean4/Urysohn/.lake/packages/LeanSearchClient/.lake/build/lib/lean:/home/pepsi/Documents/tfg-topologia-lean4/Urysohn/.lake/packages/plausible/.lake/build/lib/lean:/home/pepsi/Documents/tfg-topologia-lean4/Urysohn/.lake/packages/mathlib/.lake/build/lib/lean:/home/pepsi/Documents/tfg-topologia-lean4/Urysohn/.lake/packages/checkdecls/.lake/build/lib/lean:/home/pepsi/Documents/tfg-topologia-lean4/Urysohn/.lake/packages/MD4Lean/.lake/build/lib/lean:/home/pepsi/Documents/tfg-topologia-lean4/Urysohn/.lake/packages/BibtexQuery/.lake/build/lib/lean:/home/pepsi/Documents/tfg-topologia-lean4/Urysohn/.lake/packages/UnicodeBasic/.lake/build/lib/lean:/home/pepsi/Documents/tfg-topologia-lean4/Urysohn/.lake/packages/Cli/.lake/build/lib/lean:/home/pepsi/Documents/tfg-topologia-lean4/Urysohn/.lake/build/lib/lean:/home/pepsi/Documents/tfg-topologia-lean4/Urysohn/.lake/packages/doc-gen4/.lake/build/lib/lean:/home/pepsi/Documents/tfg-topologia-lean4/Urysohn/docbuild/.lake/build/lib/lean:/home/pepsi/.elan/toolchains/leanprover--lean4---v4.27.0/lib/lean LEAN_SRC_PATH=/home/pepsi/Documents/tfg-topologia-lean4/Urysohn/.lake/packages/batteries:/home/pepsi/Documents/tfg-topologia-lean4/Urysohn/.lake/packages/batteries:/home/pepsi/Documents/tfg-topologia-lean4/Urysohn/.lake/packages/Qq:/home/pepsi/Documents/tfg-topologia-lean4/Urysohn/.lake/packages/Qq:/home/pepsi/Documents/tfg-topologia-lean4/Urysohn/.lake/packages/aesop:/home/pepsi/Documents/tfg-topologia-lean4/Urysohn/.lake/packages/aesop:/home/pepsi/Documents/tfg-topologia-lean4/Urysohn/.lake/packages/proofwidgets:/home/pepsi/Documents/tfg-topologia-lean4/Urysohn/.lake/packages/proofwidgets:/home/pepsi/Documents/tfg-topologia-lean4/Urysohn/.lake/packages/proofwidgets:/home/pepsi/Documents/tfg-topologia-lean4/Urysohn/.lake/packages/importGraph:/home/pepsi/Documents/tfg-topologia-lean4/Urysohn/.lake/packages/importGraph:/home/pepsi/Documents/tfg-topologia-lean4/Urysohn/.lake/packages/LeanSearchClient:/home/pepsi/Documents/tfg-topologia-lean4/Urysohn/.lake/packages/LeanSearchClient:/home/pepsi/Documents/tfg-topologia-lean4/Urysohn/.lake/packages/plausible:/home/pepsi/Documents/tfg-topologia-lean4/Urysohn/.lake/packages/plausible:/home/pepsi/Documents/tfg-topologia-lean4/Urysohn/.lake/packages/mathlib:/home/pepsi/Documents/tfg-topologia-lean4/Urysohn/.lake/packages/mathlib:/home/pepsi/Documents/tfg-topologia-lean4/Urysohn/.lake/packages/mathlib:/home/pepsi/Documents/tfg-topologia-lean4/Urysohn/.lake/packages/mathlib:/home/pepsi/Documents/tfg-topologia-lean4/Urysohn/.lake/packages/mathlib:/home/pepsi/Documents/tfg-topologia-lean4/Urysohn/.lake/packages/mathlib:/home/pepsi/Documents/tfg-topologia-lean4/Urysohn/.lake/packages/mathlib:/home/pepsi/Documents/tfg-topologia-lean4/Urysohn/.lake/packages/MD4Lean:/home/pepsi/Documents/tfg-topologia-lean4/Urysohn/.lake/packages/MD4Lean:/home/pepsi/Documents/tfg-topologia-lean4/Urysohn/.lake/packages/BibtexQuery:/home/pepsi/Documents/tfg-topologia-lean4/Urysohn/.lake/packages/UnicodeBasic:/home/pepsi/Documents/tfg-topologia-lean4/Urysohn/.lake/packages/UnicodeBasic:/home/pepsi/Documents/tfg-topologia-lean4/Urysohn/.lake/packages/Cli:/home/pepsi/Documents/tfg-topologia-lean4/Urysohn/.lake/packages/Cli:/home/pepsi/Documents/tfg-topologia-lean4/Urysohn:/home/pepsi/Documents/tfg-topologia-lean4/Urysohn/.lake/packages/doc-gen4:/home/pepsi/.elan/toolchains/leanprover--lean4---v4.27.0/src/lean/lake LEAN_GITHASH=db93fe1608548721853390a10cd40580fe7d22ae PATH LD_LIBRARY_PATH=/home/pepsi/.elan/toolchains/leanprover--lean4---v4.27.0/lib/lean:/home/pepsi/.elan/toolchains/leanprover--lean4---v4.27.0/lib:/home/pepsi/Documents/tfg-topologia-lean4/Urysohn/docbuild/.lake/build/lib:/home/pepsi/Documents/tfg-topologia-lean4/Urysohn/.lake/packages/doc-gen4/.lake/build/lib:/home/pepsi/Documents/tfg-topologia-lean4/Urysohn/.lake/build/lib:/home/pepsi/Documents/tfg-topologia-lean4/Urysohn/.lake/packages/Cli/.lake/build/lib:/home/pepsi/Documents/tfg-topologia-lean4/Urysohn/.lake/packages/UnicodeBasic/.lake/build/lib:/home/pepsi/Documents/tfg-topologia-lean4/Urysohn/.lake/packages/BibtexQuery/.lake/build/lib:/home/pepsi/Documents/tfg-topologia-lean4/Urysohn/.lake/packages/MD4Lean/.lake/build/lib:/home/pepsi/Documents/tfg-topologia-lean4/Urysohn/.lake/packages/checkdecls/.lake/build/lib:/home/pepsi/Documents/tfg-topologia-lean4/Urysohn/.lake/packages/mathlib/.lake/build/lib:/home/pepsi/Documents/tfg-topologia-lean4/Urysohn/.lake/packages/plausible/.lake/build/lib:/home/pepsi/Documents/tfg-topologia-lean4/Urysohn/.lake/packages/LeanSearchClient/.lake/build/lib:/home/pepsi/Documents/tfg-topologia-lean4/Urysohn/.lake/packages/importGraph/.lake/build/lib:/home/pepsi/Documents/tfg-topologia-lean4/Urysohn/.lake/packages/proofwidgets/.lake/build/lib:/home/pepsi/Documents/tfg-topologia-lean4/Urysohn/.lake/packages/aesop/.lake/build/lib:/home/pepsi/Documents/tfg-topologia-lean4/Urysohn/.lake/packages/Qq/.lake/build/lib:/home/pepsi/Documents/tfg-topologia-lean4/Urysohn/.lake/packages/batteries/.lake/build/lib /home/pepsi/Documents/tfg-topologia-lean4/Urysohn/.lake/packages/doc-gen4/.lake/build/bin/doc-gen4 single --build /home/pepsi/Documents/tfg-topologia-lean4/Urysohn/docbuild/.lake/build Qq https://github.com/leanprover-community/quote4/blob/bd58c9efe2086d56ca361807014141a860ddbf8c/Qq.lean",
   "level": "trace"}],
 "inputs":
 [["<collection>",
   [["/home/pepsi/Documents/tfg-topologia-lean4/Urysohn/docbuild/.lake/build/doc/Qq/Macro.html",
     "69407201ecd5a636"],
    ["/home/pepsi/Documents/tfg-topologia-lean4/Urysohn/docbuild/.lake/build/doc/Qq/Delab.html",
     "b0963a2e0b985652"],
    ["/home/pepsi/Documents/tfg-topologia-lean4/Urysohn/docbuild/.lake/build/doc/Qq/MetaM.html",
     "ce6dc1e1d03b2ceb"],
    ["/home/pepsi/Documents/tfg-topologia-lean4/Urysohn/docbuild/.lake/build/doc/Qq/Simp.html",
     "16a18ff7cc593178"],
    ["/home/pepsi/Documents/tfg-topologia-lean4/Urysohn/docbuild/.lake/build/doc/Qq/Match.html",
     "77c9cecc64d2d3af"],
    ["/home/pepsi/Documents/tfg-topologia-lean4/Urysohn/docbuild/.lake/build/doc/Qq/AssertInstancesCommute.html",
     "8d2a23efdb605c67"],
    ["/home/pepsi/Documents/tfg-topologia-lean4/Urysohn/docbuild/.lake/build/doc/Qq/Commands.html",
     "dbece24caacad453"]]],
  ["/home/pepsi/Documents/tfg-topologia-lean4/Urysohn/docbuild/.lake/build/doc-data/references.json",
   "a50f2257f35adb49"],
  ["/home/pepsi/Documents/tfg-topologia-lean4/Urysohn/.lake/packages/doc-gen4/.lake/build/bin/doc-gen4",
   "32f79d1df5dc6183"],
  ["Qq:leanArts", "4b910292bbbe2431"]],
 "depHash": "19a73e1f15466faf"}