{"synthetic": false,
 "schemaVersion": "2025-09-10",
 "outputs": null,
 "log":
 [{"message":
   ".> ELAN=elan ELAN_HOME=/home/pepsi/.elan ELAN_TOOLCHAIN=leanprover/lean4:v4.27.0 LAKE=/home/pepsi/.elan/toolchains/leanprover--lean4---v4.27.0/bin/lake LAKE_HOME=/home/pepsi/.elan/toolchains/leanprover--lean4---v4.27.0 LAKE_PKG_URL_MAP={} LAKE_NO_CACHE=false LAKE_ARTIFACT_CACHE=false LAKE_CACHE_KEY= LAKE_CACHE_ARTIFACT_ENDPOINT= LAKE_CACHE_REVISION_ENDPOINT= LEAN=/home/pepsi/.elan/toolchains/leanprover--lean4---v4.27.0/bin/lean LEAN_SYSROOT=/home/pepsi/.elan/toolchains/leanprover--lean4---v4.27.0 LEAN_AR=/home/pepsi/.elan/toolchains/leanprover--lean4---v4.27.0/bin/llvm-ar LEAN_CC= LAKE_CACHE_DIR=/home/pepsi/.elan/toolchains/leanprover--lean4---v4.27.0/lake/cache LEAN_PATH=/home/pepsi/Documents/tfg-topologia-lean4/Urysohn/.lake/packages/batteries/.lake/build/lib/lean:/home/pepsi/Documents/tfg-topologia-lean4/Urysohn/.lake/packages/Qq/.lake/build/lib/lean:/home/pepsi/Documents/tfg-topologia-lean4/Urysohn/.lake/packages/aesop/.lake/build/lib/lean:/home/pepsi/Documents/tfg-topologia-lean4/Urysohn/.lake/packages/proofwidgets/.lake/build/lib/lean:/home/pepsi/Documents/tfg-topologia-lean4/Urysohn/.lake/packages/importGraph/.lake/build/lib/lean:/home/pepsi/Documents/tfg-topologia-lean4/Urysohn/.lake/packages/LeanSearchClient/.lake/build/lib/lean:/home/pepsi/Documents/tfg-topologia-lean4/Urysohn/.lake/packages/plausible/.lake/build/lib/lean:/home/pepsi/Documents/tfg-topologia-lean4/Urysohn/.lake/packages/mathlib/.lake/build/lib/lean:/home/pepsi/Documents/tfg-topologia-lean4/Urysohn/.lake/packages/checkdecls/.lake/build/lib/lean:/home/pepsi/Documents/tfg-topologia-lean4/Urysohn/.lake/packages/MD4Lean/.lake/build/lib/lean:/home/pepsi/Documents/tfg-topologia-lean4/Urysohn/.lake/packages/BibtexQuery/.lake/build/lib/lean:/home/pepsi/Documents/tfg-topologia-lean4/Urysohn/.lake/packages/UnicodeBasic/.lake/build/lib/lean:/home/pepsi/Documents/tfg-topologia-lean4/Urysohn/.lake/packages/Cli/.lake/build/lib/lean:/home/pepsi/Documents/tfg-topologia-lean4/Urysohn/.lake/build/lib/lean:/home/pepsi/Documents/tfg-topologia-lean4/Urysohn/.lake/packages/doc-gen4/.lake/build/lib/lean:/home/pepsi/Documents/tfg-topologia-lean4/Urysohn/docbuild/.lake/build/lib/lean:/home/pepsi/.elan/toolchains/leanprover--lean4---v4.27.0/lib/lean LEAN_SRC_PATH=/home/pepsi/Documents/tfg-topologia-lean4/Urysohn/.lake/packages/batteries:/home/pepsi/Documents/tfg-topologia-lean4/Urysohn/.lake/packages/batteries:/home/pepsi/Documents/tfg-topologia-lean4/Urysohn/.lake/packages/Qq:/home/pepsi/Documents/tfg-topologia-lean4/Urysohn/.lake/packages/Qq:/home/pepsi/Documents/tfg-topologia-lean4/Urysohn/.lake/packages/aesop:/home/pepsi/Documents/tfg-topologia-lean4/Urysohn/.lake/packages/aesop:/home/pepsi/Documents/tfg-topologia-lean4/Urysohn/.lake/packages/proofwidgets:/home/pepsi/Documents/tfg-topologia-lean4/Urysohn/.lake/packages/proofwidgets:/home/pepsi/Documents/tfg-topologia-lean4/Urysohn/.lake/packages/proofwidgets:/home/pepsi/Documents/tfg-topologia-lean4/Urysohn/.lake/packages/importGraph:/home/pepsi/Documents/tfg-topologia-lean4/Urysohn/.lake/packages/importGraph:/home/pepsi/Documents/tfg-topologia-lean4/Urysohn/.lake/packages/LeanSearchClient:/home/pepsi/Documents/tfg-topologia-lean4/Urysohn/.lake/packages/LeanSearchClient:/home/pepsi/Documents/tfg-topologia-lean4/Urysohn/.lake/packages/plausible:/home/pepsi/Documents/tfg-topologia-lean4/Urysohn/.lake/packages/plausible:/home/pepsi/Documents/tfg-topologia-lean4/Urysohn/.lake/packages/mathlib:/home/pepsi/Documents/tfg-topologia-lean4/Urysohn/.lake/packages/mathlib:/home/pepsi/Documents/tfg-topologia-lean4/Urysohn/.lake/packages/mathlib:/home/pepsi/Documents/tfg-topologia-lean4/Urysohn/.lake/packages/mathlib:/home/pepsi/Documents/tfg-topologia-lean4/Urysohn/.lake/packages/mathlib:/home/pepsi/Documents/tfg-topologia-lean4/Urysohn/.lake/packages/mathlib:/home/pepsi/Documents/tfg-topologia-lean4/Urysohn/.lake/packages/mathlib:/home/pepsi/Documents/tfg-topologia-lean4/Urysohn/.lake/packages/MD4Lean:/home/pepsi/Documents/tfg-topologia-lean4/Urysohn/.lake/packages/MD4Lean:/home/pepsi/Documents/tfg-topologia-lean4/Urysohn/.lake/packages/BibtexQuery:/home/pepsi/Documents/tfg-topologia-lean4/Urysohn/.lake/packages/UnicodeBasic:/home/pepsi/Documents/tfg-topologia-lean4/Urysohn/.lake/packages/UnicodeBasic:/home/pepsi/Documents/tfg-topologia-lean4/Urysohn/.lake/packages/Cli:/home/pepsi/Documents/tfg-topologia-lean4/Urysohn/.lake/packages/Cli:/home/pepsi/Documents/tfg-topologia-lean4/Urysohn:/home/pepsi/Documents/tfg-topologia-lean4/Urysohn/.lake/packages/doc-gen4:/home/pepsi/.elan/toolchains/leanprover--lean4---v4.27.0/src/lean/lake LEAN_GITHASH=db93fe1608548721853390a10cd40580fe7d22ae PATH LD_LIBRARY_PATH=/home/pepsi/.elan/toolchains/leanprover--lean4---v4.27.0/lib/lean:/home/pepsi/.elan/toolchains/leanprover--lean4---v4.27.0/lib:/home/pepsi/Documents/tfg-topologia-lean4/Urysohn/docbuild/.lake/build/lib:/home/pepsi/Documents/tfg-topologia-lean4/Urysohn/.lake/packages/doc-gen4/.lake/build/lib:/home/pepsi/Documents/tfg-topologia-lean4/Urysohn/.lake/build/lib:/home/pepsi/Documents/tfg-topologia-lean4/Urysohn/.lake/packages/Cli/.lake/build/lib:/home/pepsi/Documents/tfg-topologia-lean4/Urysohn/.lake/packages/UnicodeBasic/.lake/build/lib:/home/pepsi/Documents/tfg-topologia-lean4/Urysohn/.lake/packages/BibtexQuery/.lake/build/lib:/home/pepsi/Documents/tfg-topologia-lean4/Urysohn/.lake/packages/MD4Lean/.lake/build/lib:/home/pepsi/Documents/tfg-topologia-lean4/Urysohn/.lake/packages/checkdecls/.lake/build/lib:/home/pepsi/Documents/tfg-topologia-lean4/Urysohn/.lake/packages/mathlib/.lake/build/lib:/home/pepsi/Documents/tfg-topologia-lean4/Urysohn/.lake/packages/plausible/.lake/build/lib:/home/pepsi/Documents/tfg-topologia-lean4/Urysohn/.lake/packages/LeanSearchClient/.lake/build/lib:/home/pepsi/Documents/tfg-topologia-lean4/Urysohn/.lake/packages/importGraph/.lake/build/lib:/home/pepsi/Documents/tfg-topologia-lean4/Urysohn/.lake/packages/proofwidgets/.lake/build/lib:/home/pepsi/Documents/tfg-topologia-lean4/Urysohn/.lake/packages/aesop/.lake/build/lib:/home/pepsi/Documents/tfg-topologia-lean4/Urysohn/.lake/packages/Qq/.lake/build/lib:/home/pepsi/Documents/tfg-topologia-lean4/Urysohn/.lake/packages/batteries/.lake/build/lib /home/pepsi/Documents/tfg-topologia-lean4/Urysohn/.lake/packages/doc-gen4/.lake/build/bin/doc-gen4 single --build /home/pepsi/Documents/tfg-topologia-lean4/Urysohn/docbuild/.lake/build Mathlib.Data.List.Permutation https://github.com/leanprover-community/mathlib4/blob/a3a10db0e9d66acbebf76c5e6a135066525ac900/Mathlib/Data/List/Permutation.lean",
   "level": "trace"}],
 "inputs":
 [["<collection>",
   [["/home/pepsi/Documents/tfg-topologia-lean4/Urysohn/docbuild/.lake/build/doc/Mathlib/Data/Nat/Factorial/Basic.html",
     "5880d59085b58615"],
    ["/home/pepsi/Documents/tfg-topologia-lean4/Urysohn/docbuild/.lake/build/doc/Mathlib/Data/List/Count.html",
     "4c0db10ce43170fe"],
    ["/home/pepsi/Documents/tfg-topologia-lean4/Urysohn/docbuild/.lake/build/doc/Mathlib/Data/List/Duplicate.html",
     "363f63dccb02d544"],
    ["/home/pepsi/Documents/tfg-topologia-lean4/Urysohn/docbuild/.lake/build/doc/Mathlib/Data/List/InsertIdx.html",
     "28b7a6439875c3a9"],
    ["/home/pepsi/Documents/tfg-topologia-lean4/Urysohn/docbuild/.lake/build/doc/Mathlib/Data/List/Induction.html",
     "3a221f6958882a82"],
    ["/home/pepsi/Documents/tfg-topologia-lean4/Urysohn/docbuild/.lake/build/doc/Batteries/Data/List/Perm.html",
     "407dc51f7059ea57"],
    ["/home/pepsi/Documents/tfg-topologia-lean4/Urysohn/docbuild/.lake/build/doc/Mathlib/Data/List/Perm/Basic.html",
     "4f76a592380c188a"],
    ["/home/pepsi/Documents/tfg-topologia-lean4/Urysohn/docbuild/.lake/build/doc/Mathlib/Order/Lattice.html",
     "fabb0115b1cd36a7"],
    ["/home/pepsi/Documents/tfg-topologia-lean4/Urysohn/docbuild/.lake/build/doc/Mathlib/Tactic/Finiteness/Attr.html",
     "06c6fcff2bc2a1b1"]]],
  ["/home/pepsi/Documents/tfg-topologia-lean4/Urysohn/docbuild/.lake/build/doc-data/references.json",
   "a50f2257f35adb49"],
  ["/home/pepsi/Documents/tfg-topologia-lean4/Urysohn/.lake/packages/doc-gen4/.lake/build/bin/doc-gen4",
   "32f79d1df5dc6183"],
  ["Mathlib.Data.List.Permutation:leanArts", "787e3c7b94a78f89"]],
 "depHash": "38a4da6ffee6dbe1"}