{"synthetic": false,
 "schemaVersion": "2025-09-10",
 "outputs": null,
 "log":
 [{"message":
   ".> ELAN=elan ELAN_HOME=/home/pepsi/.elan ELAN_TOOLCHAIN=leanprover/lean4:v4.27.0 LAKE=/home/pepsi/.elan/toolchains/leanprover--lean4---v4.27.0/bin/lake LAKE_HOME=/home/pepsi/.elan/toolchains/leanprover--lean4---v4.27.0 LAKE_PKG_URL_MAP={} LAKE_NO_CACHE=false LAKE_ARTIFACT_CACHE=false LAKE_CACHE_KEY= LAKE_CACHE_ARTIFACT_ENDPOINT= LAKE_CACHE_REVISION_ENDPOINT= LEAN=/home/pepsi/.elan/toolchains/leanprover--lean4---v4.27.0/bin/lean LEAN_SYSROOT=/home/pepsi/.elan/toolchains/leanprover--lean4---v4.27.0 LEAN_AR=/home/pepsi/.elan/toolchains/leanprover--lean4---v4.27.0/bin/llvm-ar LEAN_CC= LAKE_CACHE_DIR=/home/pepsi/.elan/toolchains/leanprover--lean4---v4.27.0/lake/cache LEAN_PATH=/home/pepsi/Documents/tfg-topologia-lean4/Urysohn/.lake/packages/batteries/.lake/build/lib/lean:/home/pepsi/Documents/tfg-topologia-lean4/Urysohn/.lake/packages/Qq/.lake/build/lib/lean:/home/pepsi/Documents/tfg-topologia-lean4/Urysohn/.lake/packages/aesop/.lake/build/lib/lean:/home/pepsi/Documents/tfg-topologia-lean4/Urysohn/.lake/packages/proofwidgets/.lake/build/lib/lean:/home/pepsi/Documents/tfg-topologia-lean4/Urysohn/.lake/packages/importGraph/.lake/build/lib/lean:/home/pepsi/Documents/tfg-topologia-lean4/Urysohn/.lake/packages/LeanSearchClient/.lake/build/lib/lean:/home/pepsi/Documents/tfg-topologia-lean4/Urysohn/.lake/packages/plausible/.lake/build/lib/lean:/home/pepsi/Documents/tfg-topologia-lean4/Urysohn/.lake/packages/mathlib/.lake/build/lib/lean:/home/pepsi/Documents/tfg-topologia-lean4/Urysohn/.lake/packages/checkdecls/.lake/build/lib/lean:/home/pepsi/Documents/tfg-topologia-lean4/Urysohn/.lake/packages/MD4Lean/.lake/build/lib/lean:/home/pepsi/Documents/tfg-topologia-lean4/Urysohn/.lake/packages/BibtexQuery/.lake/build/lib/lean:/home/pepsi/Documents/tfg-topologia-lean4/Urysohn/.lake/packages/UnicodeBasic/.lake/build/lib/lean:/home/pepsi/Documents/tfg-topologia-lean4/Urysohn/.lake/packages/Cli/.lake/build/lib/lean:/home/pepsi/Documents/tfg-topologia-lean4/Urysohn/.lake/build/lib/lean:/home/pepsi/Documents/tfg-topologia-lean4/Urysohn/.lake/packages/doc-gen4/.lake/build/lib/lean:/home/pepsi/Documents/tfg-topologia-lean4/Urysohn/docbuild/.lake/build/lib/lean:/home/pepsi/.elan/toolchains/leanprover--lean4---v4.27.0/lib/lean LEAN_SRC_PATH=/home/pepsi/Documents/tfg-topologia-lean4/Urysohn/.lake/packages/batteries:/home/pepsi/Documents/tfg-topologia-lean4/Urysohn/.lake/packages/batteries:/home/pepsi/Documents/tfg-topologia-lean4/Urysohn/.lake/packages/Qq:/home/pepsi/Documents/tfg-topologia-lean4/Urysohn/.lake/packages/Qq:/home/pepsi/Documents/tfg-topologia-lean4/Urysohn/.lake/packages/aesop:/home/pepsi/Documents/tfg-topologia-lean4/Urysohn/.lake/packages/aesop:/home/pepsi/Documents/tfg-topologia-lean4/Urysohn/.lake/packages/proofwidgets:/home/pepsi/Documents/tfg-topologia-lean4/Urysohn/.lake/packages/proofwidgets:/home/pepsi/Documents/tfg-topologia-lean4/Urysohn/.lake/packages/proofwidgets:/home/pepsi/Documents/tfg-topologia-lean4/Urysohn/.lake/packages/importGraph:/home/pepsi/Documents/tfg-topologia-lean4/Urysohn/.lake/packages/importGraph:/home/pepsi/Documents/tfg-topologia-lean4/Urysohn/.lake/packages/LeanSearchClient:/home/pepsi/Documents/tfg-topologia-lean4/Urysohn/.lake/packages/LeanSearchClient:/home/pepsi/Documents/tfg-topologia-lean4/Urysohn/.lake/packages/plausible:/home/pepsi/Documents/tfg-topologia-lean4/Urysohn/.lake/packages/plausible:/home/pepsi/Documents/tfg-topologia-lean4/Urysohn/.lake/packages/mathlib:/home/pepsi/Documents/tfg-topologia-lean4/Urysohn/.lake/packages/mathlib:/home/pepsi/Documents/tfg-topologia-lean4/Urysohn/.lake/packages/mathlib:/home/pepsi/Documents/tfg-topologia-lean4/Urysohn/.lake/packages/mathlib:/home/pepsi/Documents/tfg-topologia-lean4/Urysohn/.lake/packages/mathlib:/home/pepsi/Documents/tfg-topologia-lean4/Urysohn/.lake/packages/mathlib:/home/pepsi/Documents/tfg-topologia-lean4/Urysohn/.lake/packages/mathlib:/home/pepsi/Documents/tfg-topologia-lean4/Urysohn/.lake/packages/MD4Lean:/home/pepsi/Documents/tfg-topologia-lean4/Urysohn/.lake/packages/MD4Lean:/home/pepsi/Documents/tfg-topologia-lean4/Urysohn/.lake/packages/BibtexQuery:/home/pepsi/Documents/tfg-topologia-lean4/Urysohn/.lake/packages/UnicodeBasic:/home/pepsi/Documents/tfg-topologia-lean4/Urysohn/.lake/packages/UnicodeBasic:/home/pepsi/Documents/tfg-topologia-lean4/Urysohn/.lake/packages/Cli:/home/pepsi/Documents/tfg-topologia-lean4/Urysohn/.lake/packages/Cli:/home/pepsi/Documents/tfg-topologia-lean4/Urysohn:/home/pepsi/Documents/tfg-topologia-lean4/Urysohn/.lake/packages/doc-gen4:/home/pepsi/.elan/toolchains/leanprover--lean4---v4.27.0/src/lean/lake LEAN_GITHASH=db93fe1608548721853390a10cd40580fe7d22ae PATH LD_LIBRARY_PATH=/home/pepsi/.elan/toolchains/leanprover--lean4---v4.27.0/lib/lean:/home/pepsi/.elan/toolchains/leanprover--lean4---v4.27.0/lib:/home/pepsi/Documents/tfg-topologia-lean4/Urysohn/docbuild/.lake/build/lib:/home/pepsi/Documents/tfg-topologia-lean4/Urysohn/.lake/packages/doc-gen4/.lake/build/lib:/home/pepsi/Documents/tfg-topologia-lean4/Urysohn/.lake/build/lib:/home/pepsi/Documents/tfg-topologia-lean4/Urysohn/.lake/packages/Cli/.lake/build/lib:/home/pepsi/Documents/tfg-topologia-lean4/Urysohn/.lake/packages/UnicodeBasic/.lake/build/lib:/home/pepsi/Documents/tfg-topologia-lean4/Urysohn/.lake/packages/BibtexQuery/.lake/build/lib:/home/pepsi/Documents/tfg-topologia-lean4/Urysohn/.lake/packages/MD4Lean/.lake/build/lib:/home/pepsi/Documents/tfg-topologia-lean4/Urysohn/.lake/packages/checkdecls/.lake/build/lib:/home/pepsi/Documents/tfg-topologia-lean4/Urysohn/.lake/packages/mathlib/.lake/build/lib:/home/pepsi/Documents/tfg-topologia-lean4/Urysohn/.lake/packages/plausible/.lake/build/lib:/home/pepsi/Documents/tfg-topologia-lean4/Urysohn/.lake/packages/LeanSearchClient/.lake/build/lib:/home/pepsi/Documents/tfg-topologia-lean4/Urysohn/.lake/packages/importGraph/.lake/build/lib:/home/pepsi/Documents/tfg-topologia-lean4/Urysohn/.lake/packages/proofwidgets/.lake/build/lib:/home/pepsi/Documents/tfg-topologia-lean4/Urysohn/.lake/packages/aesop/.lake/build/lib:/home/pepsi/Documents/tfg-topologia-lean4/Urysohn/.lake/packages/Qq/.lake/build/lib:/home/pepsi/Documents/tfg-topologia-lean4/Urysohn/.lake/packages/batteries/.lake/build/lib /home/pepsi/Documents/tfg-topologia-lean4/Urysohn/.lake/packages/doc-gen4/.lake/build/bin/doc-gen4 single --build /home/pepsi/Documents/tfg-topologia-lean4/Urysohn/docbuild/.lake/build Mathlib.Algebra.Order.ToIntervalMod https://github.com/leanprover-community/mathlib4/blob/a3a10db0e9d66acbebf76c5e6a135066525ac900/Mathlib/Algebra/Order/ToIntervalMod.lean",
   "level": "trace"}],
 "inputs":
 [["<collection>",
   [["/home/pepsi/Documents/tfg-topologia-lean4/Urysohn/docbuild/.lake/build/doc/Mathlib/Algebra/Group/ModEq.html",
     "f5bcbe603c4d1619"],
    ["/home/pepsi/Documents/tfg-topologia-lean4/Urysohn/docbuild/.lake/build/doc/Mathlib/Algebra/Order/Archimedean/Basic.html",
     "d2256a069471e653"],
    ["/home/pepsi/Documents/tfg-topologia-lean4/Urysohn/docbuild/.lake/build/doc/Mathlib/Algebra/Ring/Periodic.html",
     "be26c37b81424330"],
    ["/home/pepsi/Documents/tfg-topologia-lean4/Urysohn/docbuild/.lake/build/doc/Mathlib/Data/Int/SuccPred.html",
     "f7a009f9bf41949f"],
    ["/home/pepsi/Documents/tfg-topologia-lean4/Urysohn/docbuild/.lake/build/doc/Mathlib/Order/Circular.html",
     "596112c524719c5f"],
    ["/home/pepsi/Documents/tfg-topologia-lean4/Urysohn/docbuild/.lake/build/doc/Mathlib/Algebra/Order/Interval/Set/Group.html",
     "03c19a7f39d5c988"],
    ["/home/pepsi/Documents/tfg-topologia-lean4/Urysohn/docbuild/.lake/build/doc/Mathlib/GroupTheory/QuotientGroup/ModEq.html",
     "72042c84ba7dc787"]]],
  ["/home/pepsi/Documents/tfg-topologia-lean4/Urysohn/docbuild/.lake/build/doc-data/references.json",
   "a50f2257f35adb49"],
  ["/home/pepsi/Documents/tfg-topologia-lean4/Urysohn/.lake/packages/doc-gen4/.lake/build/bin/doc-gen4",
   "32f79d1df5dc6183"],
  ["Mathlib.Algebra.Order.ToIntervalMod:leanArts", "3dd570750bb3990a"]],
 "depHash": "11335e55ff3f41b1"}